388c5ad69a7791c9c2c84fa75a1d4491594b32cd0b9c8bb081608ad2ba6014f4