2057bd0bc9cb7a9b481897291ea6d0817521870bf9d39af2c79e4f8403538ca0