1643edbfb96fadbb6689d427968eb83b11ba1b08192af6affd8fb072d30eb48e