e8d1cc6eaae841335af951df37982c3512e144e25e16248bc760432697d3212f