181be2057c68389256d757b25db06505dd4ee5ec8eaf7dea69b8332950783a34