10fe3b8be71c2d5d368566fad40732017c8c44a1ced914b52a09a00cb4803381