4cd7494d6e0e1d76b6eeed4d9977fb1faa999fab9a7c913b556c3d152585d394