4ec3e62fd4c710ccc92494695a6851eb7b5459e37ea1c0157e88b81b835cbb91