4dca5bd03399a7812be1b7d336f0e24da74dc7c1e753aa5d58bb0648608d3bb8