c691a34b05ac3d8e79a517fa686c2833d6ffb7a5f8268b0a8750f7ec0411bab4