6493d5284374f5bb51cebaea047d6a223cbbcb62d54178ef4ac5c5dff4c55870