4e305c60e3c8e767961d26d8cb59bc65c7c98b52cdc644e606c42bc22d132f3f