b057fa4e7c765efa4d1607dabc96c161d5e32726f50ffbcf96cbb7f69b0f17c6