2c1b41befd702d9ab0a7d0e6462821d2d1920ba32a1bcbabe2b8414a2294fb54