3a8c8675841452364a121b66e3b62cc0a3ca0c8e018e450679da96b7e565233f