ece09d13d981081143318f5940e7223f484508b0e33b8f97f0e5db4376939260