9ee2414b3526b27d1fcd88fbe487fb4c6ffe373b91800328937ac4e9aa154bda