be89254acdc7052cc84be3aa01d66a1e964a031fa707589d3f2a6b73d9083584