fee5a4bcfa336b87287213fd04dd1afeef65974b9dab26b48e399b9c9e4acfe5