ad67a02622d23fc64a15c65449fe0552d8b8301d294ab70c703e58bcf7ff9a80