181c6e8cb2107ca42630a2bcffbcf73f862ada2cb5e2c5efb2d63648dd3a63d5