f2c581725231e17becd2c6302e59e9577d0f5fd9be8de18c2082534d77f15d9e