358d3bcb3f96e5bb6e5eca5fdfddde41e98cb932397e05c35a27f6ccaf026966