3c7bf5d4adb9c93ea3f4d85502d7dbd2bac037beaefa5a3d5902aeceeb5f94e8