4c6a66235ad440d79918c99984a227312a0b53df26cd444b0a4ceaae6bcebb86