b32a6e70d530892630d8294c44e2c4b874d66c0204fe4682eea979deb5495336