1a0c63d43c4c3b789c6b8fc7684c6ac256fc17455786f6fb25391d2b55a507c1