6e271dc484240533eec73f11341773633fc5f6f6ef60428d9a44e71eea440268