70ea2cefc715a01688d9650728685de4700f12104597a7c88477f835490e588a