787f09c45404d8f74426cdeaacd708c1a2dd48a43e9bfb66ad1cf5418d1f1b3c