426017c864b595de416ff026984cd5e15793286790692e012e232d3a50113af8