9da4297067dd5356aad9a97642086b3bac4a59de4f21e7256a38faa262ca8eec