2b416cc9c7f1ad6f342cde24e3701c751fe6e10fffc0af15a2aee9bb049830e0