542f97a5dde3822a0afee73f19cf1ffc0c7fc90d5a71a7583f1a2c48c3932676