b337073986ab34be17228b7f8299a71928afb726050a4423c9d1b0e75b1cd6d9