39ff53a6137ca59e95b1b107d396c7a987d7f3c61cd01b21b4c65dee029afd72