ba3f1009119c68a6e651a691f764071c7ab28712042bcbba9d1ca9c29362ee5d