c352f76e4e2e3efdd723ba59a646ab2ac3d5a08e4a850be5a78ea88e01143bd8