07b371dffad30a078fd68ad059048c1e64eb6c8b0978b2cf3b3980ae7bb8b48e