c0364bcc2f75ee33029be1b8b67610a42e2548fb764ca3fe7775f210b50b0bc2