26b019bbb2f08762df339a3dec0b2267b0114fe2547a16c26e37ad9a01607f02