055c6356fdc2549a3e30e64dcfbbf4f325f1cc2d50a9383e6f6440f2d8b4432d