f7d55c145e124bd9bd56ce12a5d401054a1fe7fb64aad9801f3077627a383ded