f36540450810dbae90aa931351a9b62f274c453533c681c853093a91a5917d87