24cea49257707fb5fc9842224b83c6229b23b00db50af07d67bacdd7390a90d8