d32f63cdb3a8d446612d9e89cc41974402778b8401ecfe21e462b497ecfe5fcf