7318817f365e9209a42005d331b17c417a7b0648a396f3a0d7be15bcaaf18644