b9863b16f86dbeeab873cbc1758785fc60b763ebf356d6b7007b3874b9d39e2a