2e37de0438cb10397f05c6a33f115b82001d96cd820867107c9c79b7afecfbaa