80e5ab9d9ec8462561a03d83704dbdf5f8831dc28704a195e33802a430e17852